2025-11-11 16:19:37,099 [WARNING] SFRX5: OPT_CHAIN is empty.
2025-11-11 16:19:37,149 [WARNING] SFRZ5: OPT_CHAIN is empty.
2025-11-11 16:19:37,195 [WARNING] SFRF6: OPT_CHAIN is empty.
2025-11-11 16:19:37,256 [WARNING] SFRG6: OPT_CHAIN is empty.
2025-11-11 16:19:37,332 [WARNING] SFRH6: OPT_CHAIN is empty.
2025-11-11 16:19:37,370 [WARNING] SFRJ6: OPT_CHAIN is empty.
2025-11-11 16:19:37,424 [WARNING] SFRM6: OPT_CHAIN is empty.
2025-11-11 16:19:37,468 [WARNING] SFRH7: OPT_CHAIN is empty.
2025-11-11 16:19:37,534 [WARNING] SFRM7: OPT_CHAIN is empty.
2025-11-11 16:19:37,586 [WARNING] SFRU7: OPT_CHAIN is empty.
2025-11-11 16:19:37,629 [WARNING] SFRZ7: OPT_CHAIN is empty.
2025-11-11 16:19:37,686 [WARNING] SFRH8: OPT_CHAIN is empty.
2025-11-11 16:19:37,734 [WARNING] SFRM8: OPT_CHAIN is empty.
2025-11-11 16:19:37,791 [WARNING] SFRU28: OPT_CHAIN is empty.
2025-11-11 16:19:37,841 [WARNING] SFRZ28: OPT_CHAIN is empty.
2025-11-11 16:19:37,886 [WARNING] SFRH29: OPT_CHAIN is empty.
2025-11-11 16:19:37,941 [WARNING] SFRM29: OPT_CHAIN is empty.
2025-11-11 16:19:37,998 [WARNING] SFRU29: OPT_CHAIN is empty.
2025-11-11 16:19:38,050 [WARNING] SFRZ29: OPT_CHAIN is empty.
2025-11-11 16:19:38,050 [INFO] [SUMMARY] Total futures scanned: 19
2025-11-11 16:19:38,050 [INFO] [SUMMARY] Output written to: snapshots/20251111/161904
2025-11-11 16:19:38,050 [INFO] [DONE] Snapshot job complete.
