2025-11-06 16:31:50,075 [WARNING] SFRU5: OPT_CHAIN is empty.
2025-11-06 16:31:50,152 [WARNING] SFRZ5: OPT_CHAIN is empty.
2025-11-06 16:31:50,203 [WARNING] SFRH6: OPT_CHAIN is empty.
2025-11-06 16:31:50,253 [WARNING] SFRM6: OPT_CHAIN is empty.
2025-11-06 16:31:50,303 [WARNING] SFRU6: OPT_CHAIN is empty.
2025-11-06 16:31:50,393 [WARNING] SFRZ6: OPT_CHAIN is empty.
2025-11-06 16:31:50,446 [WARNING] SFRH7: OPT_CHAIN is empty.
2025-11-06 16:31:50,514 [WARNING] SFRM7: OPT_CHAIN is empty.
2025-11-06 16:31:50,573 [WARNING] SFRU7: OPT_CHAIN is empty.
2025-11-06 16:31:50,620 [WARNING] SFRZ7: OPT_CHAIN is empty.
2025-11-06 16:31:50,661 [WARNING] SFRH8: OPT_CHAIN is empty.
2025-11-06 16:31:50,714 [WARNING] SFRM8: OPT_CHAIN is empty.
2025-11-06 16:31:50,754 [WARNING] SFRU28: OPT_CHAIN is empty.
2025-11-06 16:31:50,810 [WARNING] SFRZ28: OPT_CHAIN is empty.
2025-11-06 16:31:50,850 [WARNING] SFRH29: OPT_CHAIN is empty.
2025-11-06 16:31:50,917 [WARNING] SFRM29: OPT_CHAIN is empty.
2025-11-06 16:31:50,959 [WARNING] SFRU29: OPT_CHAIN is empty.
2025-11-06 16:31:51,012 [WARNING] SFRZ29: OPT_CHAIN is empty.
2025-11-06 16:31:51,012 [INFO] [SUMMARY] Total futures scanned: 18
2025-11-06 16:31:51,012 [INFO] [SUMMARY] Output written to: snapshots/20251106/163149
2025-11-06 16:31:51,012 [INFO] [DONE] Snapshot job complete.
2025-11-06 16:35:29,204 [WARNING] SFRU5: OPT_CHAIN is empty.
2025-11-06 16:35:29,247 [WARNING] SFRZ5: OPT_CHAIN is empty.
2025-11-06 16:35:29,287 [WARNING] SFRH6: OPT_CHAIN is empty.
2025-11-06 16:35:29,322 [WARNING] SFRM6: OPT_CHAIN is empty.
2025-11-06 16:35:29,365 [WARNING] SFRU6: OPT_CHAIN is empty.
2025-11-06 16:35:29,410 [WARNING] SFRZ6: OPT_CHAIN is empty.
2025-11-06 16:35:29,462 [WARNING] SFRH7: OPT_CHAIN is empty.
2025-11-06 16:35:29,544 [WARNING] SFRM7: OPT_CHAIN is empty.
2025-11-06 16:35:29,603 [WARNING] SFRU7: OPT_CHAIN is empty.
2025-11-06 16:35:29,659 [WARNING] SFRZ7: OPT_CHAIN is empty.
2025-11-06 16:35:29,695 [WARNING] SFRH8: OPT_CHAIN is empty.
2025-11-06 16:35:29,738 [WARNING] SFRM8: OPT_CHAIN is empty.
2025-11-06 16:35:29,780 [WARNING] SFRU28: OPT_CHAIN is empty.
2025-11-06 16:35:29,816 [WARNING] SFRZ28: OPT_CHAIN is empty.
2025-11-06 16:35:29,859 [WARNING] SFRH29: OPT_CHAIN is empty.
2025-11-06 16:35:29,921 [WARNING] SFRM29: OPT_CHAIN is empty.
2025-11-06 16:35:29,957 [WARNING] SFRU29: OPT_CHAIN is empty.
2025-11-06 16:35:30,014 [WARNING] SFRZ29: OPT_CHAIN is empty.
2025-11-06 16:35:30,015 [INFO] [SUMMARY] Total futures scanned: 18
2025-11-06 16:35:30,015 [INFO] [SUMMARY] Output written to: snapshots/20251106/163529
2025-11-06 16:35:30,015 [INFO] [DONE] Snapshot job complete.
2025-11-06 16:35:32,426 [WARNING] SFRU5: OPT_CHAIN is empty.
2025-11-06 16:35:32,462 [WARNING] SFRZ5: OPT_CHAIN is empty.
2025-11-06 16:35:32,510 [WARNING] SFRH6: OPT_CHAIN is empty.
2025-11-06 16:35:32,555 [WARNING] SFRM6: OPT_CHAIN is empty.
2025-11-06 16:35:32,631 [WARNING] SFRU6: OPT_CHAIN is empty.
2025-11-06 16:35:32,678 [WARNING] SFRZ6: OPT_CHAIN is empty.
2025-11-06 16:35:32,715 [WARNING] SFRH7: OPT_CHAIN is empty.
2025-11-06 16:35:32,762 [WARNING] SFRM7: OPT_CHAIN is empty.
2025-11-06 16:35:32,796 [WARNING] SFRU7: OPT_CHAIN is empty.
2025-11-06 16:35:32,841 [WARNING] SFRZ7: OPT_CHAIN is empty.
2025-11-06 16:35:32,883 [WARNING] SFRH8: OPT_CHAIN is empty.
2025-11-06 16:35:32,940 [WARNING] SFRM8: OPT_CHAIN is empty.
2025-11-06 16:35:32,996 [WARNING] SFRU28: OPT_CHAIN is empty.
2025-11-06 16:35:33,034 [WARNING] SFRZ28: OPT_CHAIN is empty.
2025-11-06 16:35:33,078 [WARNING] SFRH29: OPT_CHAIN is empty.
2025-11-06 16:35:33,119 [WARNING] SFRM29: OPT_CHAIN is empty.
2025-11-06 16:35:33,204 [WARNING] SFRU29: OPT_CHAIN is empty.
2025-11-06 16:35:33,244 [WARNING] SFRZ29: OPT_CHAIN is empty.
2025-11-06 16:35:33,244 [INFO] [SUMMARY] Total futures scanned: 18
2025-11-06 16:35:33,244 [INFO] [SUMMARY] Output written to: snapshots/20251106/163532
2025-11-06 16:35:33,244 [INFO] [DONE] Snapshot job complete.
2025-11-06 16:35:46,740 [WARNING] SFRU5: OPT_CHAIN is empty.
2025-11-06 16:35:46,777 [WARNING] SFRZ5: OPT_CHAIN is empty.
2025-11-06 16:35:46,836 [WARNING] SFRH6: OPT_CHAIN is empty.
2025-11-06 16:35:46,872 [WARNING] SFRM6: OPT_CHAIN is empty.
2025-11-06 16:35:46,921 [WARNING] SFRU6: OPT_CHAIN is empty.
2025-11-06 16:35:46,960 [WARNING] SFRZ6: OPT_CHAIN is empty.
2025-11-06 16:35:46,992 [WARNING] SFRH7: OPT_CHAIN is empty.
2025-11-06 16:35:47,034 [WARNING] SFRM7: OPT_CHAIN is empty.
2025-11-06 16:35:47,075 [WARNING] SFRU7: OPT_CHAIN is empty.
2025-11-06 16:35:47,111 [WARNING] SFRZ7: OPT_CHAIN is empty.
2025-11-06 16:35:47,197 [WARNING] SFRH8: OPT_CHAIN is empty.
2025-11-06 16:35:47,239 [WARNING] SFRM8: OPT_CHAIN is empty.
2025-11-06 16:35:47,292 [WARNING] SFRU28: OPT_CHAIN is empty.
2025-11-06 16:35:47,332 [WARNING] SFRZ28: OPT_CHAIN is empty.
2025-11-06 16:35:47,367 [WARNING] SFRH29: OPT_CHAIN is empty.
2025-11-06 16:35:47,408 [WARNING] SFRM29: OPT_CHAIN is empty.
2025-11-06 16:35:47,448 [WARNING] SFRU29: OPT_CHAIN is empty.
2025-11-06 16:35:47,483 [WARNING] SFRZ29: OPT_CHAIN is empty.
2025-11-06 16:35:47,484 [INFO] [SUMMARY] Total futures scanned: 18
2025-11-06 16:35:47,484 [INFO] [SUMMARY] Output written to: snapshots/20251106/163546
2025-11-06 16:35:47,484 [INFO] [DONE] Snapshot job complete.
2025-11-06 16:40:34,956 [WARNING] SFRU5: OPT_CHAIN is empty.
2025-11-06 16:40:34,994 [WARNING] SFRZ5: OPT_CHAIN is empty.
2025-11-06 16:40:35,024 [WARNING] SFRH6: OPT_CHAIN is empty.
2025-11-06 16:40:35,057 [WARNING] SFRM6: OPT_CHAIN is empty.
2025-11-06 16:40:35,094 [WARNING] SFRU6: OPT_CHAIN is empty.
2025-11-06 16:40:35,130 [WARNING] SFRZ6: OPT_CHAIN is empty.
2025-11-06 16:40:35,167 [WARNING] SFRH7: OPT_CHAIN is empty.
2025-11-06 16:40:35,199 [WARNING] SFRM7: OPT_CHAIN is empty.
2025-11-06 16:40:35,233 [WARNING] SFRU7: OPT_CHAIN is empty.
2025-11-06 16:40:35,266 [WARNING] SFRZ7: OPT_CHAIN is empty.
2025-11-06 16:40:35,303 [WARNING] SFRH8: OPT_CHAIN is empty.
2025-11-06 16:40:35,347 [WARNING] SFRM8: OPT_CHAIN is empty.
2025-11-06 16:40:35,389 [WARNING] SFRU28: OPT_CHAIN is empty.
2025-11-06 16:40:35,427 [WARNING] SFRZ28: OPT_CHAIN is empty.
2025-11-06 16:40:35,478 [WARNING] SFRH29: OPT_CHAIN is empty.
2025-11-06 16:40:35,516 [WARNING] SFRM29: OPT_CHAIN is empty.
2025-11-06 16:40:35,554 [WARNING] SFRU29: OPT_CHAIN is empty.
2025-11-06 16:40:35,587 [WARNING] SFRZ29: OPT_CHAIN is empty.
2025-11-06 16:40:35,587 [INFO] [SUMMARY] Total futures scanned: 18
2025-11-06 16:40:35,587 [INFO] [SUMMARY] Output written to: snapshots/20251106/164034
2025-11-06 16:40:35,587 [INFO] [DONE] Snapshot job complete.
2025-11-06 16:41:44,634 [WARNING] SFRU5: OPT_CHAIN is empty.
2025-11-06 16:41:44,667 [WARNING] SFRZ5: OPT_CHAIN is empty.
2025-11-06 16:41:44,707 [WARNING] SFRH6: OPT_CHAIN is empty.
2025-11-06 16:41:44,745 [WARNING] SFRM6: OPT_CHAIN is empty.
2025-11-06 16:41:44,788 [WARNING] SFRU6: OPT_CHAIN is empty.
2025-11-06 16:41:44,852 [WARNING] SFRZ6: OPT_CHAIN is empty.
2025-11-06 16:41:44,899 [WARNING] SFRH7: OPT_CHAIN is empty.
2025-11-06 16:41:44,936 [WARNING] SFRM7: OPT_CHAIN is empty.
2025-11-06 16:41:44,979 [WARNING] SFRU7: OPT_CHAIN is empty.
2025-11-06 16:41:45,018 [WARNING] SFRZ7: OPT_CHAIN is empty.
2025-11-06 16:41:45,051 [WARNING] SFRH8: OPT_CHAIN is empty.
2025-11-06 16:41:45,093 [WARNING] SFRM8: OPT_CHAIN is empty.
2025-11-06 16:41:45,157 [WARNING] SFRU28: OPT_CHAIN is empty.
2025-11-06 16:41:45,196 [WARNING] SFRZ28: OPT_CHAIN is empty.
2025-11-06 16:41:45,232 [WARNING] SFRH29: OPT_CHAIN is empty.
2025-11-06 16:41:45,299 [WARNING] SFRM29: OPT_CHAIN is empty.
2025-11-06 16:41:45,340 [WARNING] SFRU29: OPT_CHAIN is empty.
2025-11-06 16:41:45,379 [WARNING] SFRZ29: OPT_CHAIN is empty.
2025-11-06 16:41:45,379 [INFO] [SUMMARY] Total futures scanned: 18
2025-11-06 16:41:45,379 [INFO] [SUMMARY] Output written to: snapshots/20251106/164144
2025-11-06 16:41:45,379 [INFO] [DONE] Snapshot job complete.
2025-11-06 16:46:52,348 [WARNING] SFRU5: OPT_CHAIN is empty.
2025-11-06 16:46:52,393 [WARNING] SFRZ5: OPT_CHAIN is empty.
2025-11-06 16:46:52,433 [WARNING] SFRH6: OPT_CHAIN is empty.
2025-11-06 16:46:52,481 [WARNING] SFRM6: OPT_CHAIN is empty.
2025-11-06 16:46:52,518 [WARNING] SFRU6: OPT_CHAIN is empty.
2025-11-06 16:46:52,595 [WARNING] SFRZ6: OPT_CHAIN is empty.
2025-11-06 16:46:52,631 [WARNING] SFRH7: OPT_CHAIN is empty.
2025-11-06 16:46:52,670 [WARNING] SFRM7: OPT_CHAIN is empty.
2025-11-06 16:46:52,713 [WARNING] SFRU7: OPT_CHAIN is empty.
2025-11-06 16:46:52,776 [WARNING] SFRZ7: OPT_CHAIN is empty.
2025-11-06 16:46:52,811 [WARNING] SFRH8: OPT_CHAIN is empty.
2025-11-06 16:46:52,856 [WARNING] SFRM8: OPT_CHAIN is empty.
2025-11-06 16:46:52,890 [WARNING] SFRU28: OPT_CHAIN is empty.
2025-11-06 16:46:52,931 [WARNING] SFRZ28: OPT_CHAIN is empty.
2025-11-06 16:46:52,973 [WARNING] SFRH29: OPT_CHAIN is empty.
2025-11-06 16:46:53,021 [WARNING] SFRM29: OPT_CHAIN is empty.
2025-11-06 16:46:53,058 [WARNING] SFRU29: OPT_CHAIN is empty.
2025-11-06 16:46:53,104 [WARNING] SFRZ29: OPT_CHAIN is empty.
2025-11-06 16:46:53,104 [INFO] [SUMMARY] Total futures scanned: 18
2025-11-06 16:46:53,104 [INFO] [SUMMARY] Output written to: snapshots/20251106/164652
2025-11-06 16:46:53,105 [INFO] [DONE] Snapshot job complete.
2025-11-06 16:50:41,227 [WARNING] SFRX5: OPT_CHAIN is empty.
2025-11-06 16:50:41,265 [WARNING] SFRZ5: OPT_CHAIN is empty.
2025-11-06 16:50:41,336 [WARNING] SFRH6: OPT_CHAIN is empty.
2025-11-06 16:50:41,375 [WARNING] SFRM6: OPT_CHAIN is empty.
2025-11-06 16:50:41,413 [WARNING] SFRU6: OPT_CHAIN is empty.
2025-11-06 16:50:41,445 [WARNING] SFRZ6: OPT_CHAIN is empty.
2025-11-06 16:50:41,483 [WARNING] SFRH7: OPT_CHAIN is empty.
2025-11-06 16:50:41,522 [WARNING] SFRM7: OPT_CHAIN is empty.
2025-11-06 16:50:41,555 [WARNING] SFRU7: OPT_CHAIN is empty.
2025-11-06 16:50:41,590 [WARNING] SFRZ7: OPT_CHAIN is empty.
2025-11-06 16:50:41,631 [WARNING] SFRH8: OPT_CHAIN is empty.
2025-11-06 16:50:41,667 [WARNING] SFRM8: OPT_CHAIN is empty.
2025-11-06 16:50:41,704 [WARNING] SFRU28: OPT_CHAIN is empty.
2025-11-06 16:50:41,739 [WARNING] SFRZ28: OPT_CHAIN is empty.
2025-11-06 16:50:41,771 [WARNING] SFRH29: OPT_CHAIN is empty.
2025-11-06 16:50:41,813 [WARNING] SFRM29: OPT_CHAIN is empty.
2025-11-06 16:50:41,851 [WARNING] SFRU29: OPT_CHAIN is empty.
2025-11-06 16:50:41,888 [WARNING] SFRZ29: OPT_CHAIN is empty.
2025-11-06 16:50:41,888 [INFO] [SUMMARY] Total futures scanned: 18
2025-11-06 16:50:41,888 [INFO] [SUMMARY] Output written to: snapshots/20251106/165041
2025-11-06 16:50:41,889 [INFO] [DONE] Snapshot job complete.
2025-11-06 17:05:22,305 [WARNING] SFRX5: OPT_CHAIN is empty.
2025-11-06 17:05:22,345 [WARNING] SFRZ5: OPT_CHAIN is empty.
2025-11-06 17:05:22,386 [WARNING] SFRF6: OPT_CHAIN is empty.
2025-11-06 17:05:22,429 [WARNING] SFRG6: OPT_CHAIN is empty.
2025-11-06 17:05:22,466 [WARNING] SFRH6: OPT_CHAIN is empty.
2025-11-06 17:05:22,507 [WARNING] SFRJ6: OPT_CHAIN is empty.
2025-11-06 17:05:22,550 [WARNING] SFRM6: OPT_CHAIN is empty.
2025-11-06 17:05:22,587 [WARNING] SFRH7: OPT_CHAIN is empty.
2025-11-06 17:05:22,624 [WARNING] SFRM7: OPT_CHAIN is empty.
2025-11-06 17:05:22,655 [WARNING] SFRU7: OPT_CHAIN is empty.
2025-11-06 17:05:22,702 [WARNING] SFRZ7: OPT_CHAIN is empty.
2025-11-06 17:05:22,741 [WARNING] SFRH8: OPT_CHAIN is empty.
2025-11-06 17:05:22,806 [WARNING] SFRM8: OPT_CHAIN is empty.
2025-11-06 17:05:22,844 [WARNING] SFRU28: OPT_CHAIN is empty.
2025-11-06 17:05:22,887 [WARNING] SFRZ28: OPT_CHAIN is empty.
2025-11-06 17:05:22,932 [WARNING] SFRH29: OPT_CHAIN is empty.
2025-11-06 17:05:22,976 [WARNING] SFRM29: OPT_CHAIN is empty.
2025-11-06 17:05:23,025 [WARNING] SFRU29: OPT_CHAIN is empty.
2025-11-06 17:05:23,063 [WARNING] SFRZ29: OPT_CHAIN is empty.
2025-11-06 17:05:23,063 [INFO] [SUMMARY] Total futures scanned: 19
2025-11-06 17:05:23,064 [INFO] [SUMMARY] Output written to: snapshots/20251106/170522
2025-11-06 17:05:23,064 [INFO] [DONE] Snapshot job complete.
2025-11-06 17:13:01,807 [WARNING] SFRX5: OPT_CHAIN is empty.
2025-11-06 17:13:01,844 [WARNING] SFRZ5: OPT_CHAIN is empty.
2025-11-06 17:13:01,882 [WARNING] SFRF6: OPT_CHAIN is empty.
2025-11-06 17:13:01,917 [WARNING] SFRG6: OPT_CHAIN is empty.
2025-11-06 17:13:01,957 [WARNING] SFRH6: OPT_CHAIN is empty.
2025-11-06 17:13:01,995 [WARNING] SFRJ6: OPT_CHAIN is empty.
2025-11-06 17:13:02,038 [WARNING] SFRM6: OPT_CHAIN is empty.
2025-11-06 17:13:02,077 [WARNING] SFRH7: OPT_CHAIN is empty.
2025-11-06 17:13:02,121 [WARNING] SFRM7: OPT_CHAIN is empty.
2025-11-06 17:13:02,162 [WARNING] SFRU7: OPT_CHAIN is empty.
2025-11-06 17:13:02,201 [WARNING] SFRZ7: OPT_CHAIN is empty.
2025-11-06 17:13:02,237 [WARNING] SFRH8: OPT_CHAIN is empty.
2025-11-06 17:13:02,279 [WARNING] SFRM8: OPT_CHAIN is empty.
2025-11-06 17:13:02,319 [WARNING] SFRU28: OPT_CHAIN is empty.
2025-11-06 17:13:02,354 [WARNING] SFRZ28: OPT_CHAIN is empty.
2025-11-06 17:13:02,389 [WARNING] SFRH29: OPT_CHAIN is empty.
2025-11-06 17:13:02,436 [WARNING] SFRM29: OPT_CHAIN is empty.
2025-11-06 17:13:02,476 [WARNING] SFRU29: OPT_CHAIN is empty.
2025-11-06 17:13:02,513 [WARNING] SFRZ29: OPT_CHAIN is empty.
2025-11-06 17:13:02,513 [INFO] [SUMMARY] Total futures scanned: 19
2025-11-06 17:13:02,513 [INFO] [SUMMARY] Output written to: snapshots/20251106/171301
2025-11-06 17:13:02,513 [INFO] [DONE] Snapshot job complete.
